02-17 10:42:00.001 D/UntrustedWifiNetworkFactory( 1528): got request NetworkRequest [ TRACK_DEFAULT id=6885, [ Capabilities: INTERNET&NOT_RESTRICTED&TRUSTED Uid: 10211] ] with score 50 and serial 3
02-17 10:42:00.001 D/UntrustedWifiNetworkFactory( 1528):   my score=2147483647, my filter=[ Transports: WIFI Capabilities: NOT_METERED&INTERNET&NOT_RESTRICTED&TRUSTED&NOT_VPN&NOT_ROAMING&NOT_CONGESTED LinkUpBandwidth>=1048576Kbps LinkDnBandwidth>=1048576Kbps Specifier: <android.net.MatchAllNetworkSpecifier@0>]
02-17 10:42:00.002 D/PhoneSwitcherNetworkRequstListener( 2679): got request NetworkRequest [ TRACK_DEFAULT id=6885, [ Capabilities: INTERNET&NOT_RESTRICTED&TRUSTED Uid: 10211] ] with score 50 and serial 3
02-17 10:42:00.002 D/PhoneSwitcherNetworkRequstListener( 2679):   my score=101, my filter=[ Transports: CELLULAR Capabilities: MMS&SUPL&DUN&FOTA&IMS&CBS&IA&RCS&XCAP&EIMS&INTERNET&NOT_RESTRICTED&TRUSTED&NOT_VPN&MCX Specifier: <android.net.MatchAllNetworkSpecifier@0>]
02-17 10:42:00.002 D/PhoneSwitcherNetworkRequstListener( 2679): needNetworkFor NetworkRequest [ TRACK_DEFAULT id=6885, [ Capabilities: INTERNET&NOT_RESTRICTED&TRUSTED Uid: 10211] ], 50
02-17 10:42:00.014 I//vendor/bin/hw/vendor.qti.hardware.servicetracker@1.0-service(  935): bindService is called for service : com.google.android.gms/.chimera.GmsBoundBrokerService and for client com.google.android.gms.ui
02-17 10:42:00.014 I//vendor/bin/hw/vendor.qti.hardware.servicetracker@1.0-service(  935): total connections for service : com.google.android.gms/.chimera.GmsBoundBrokerServiceare :2
02-17 10:42:00.014 I//vendor/bin/hw/vendor.qti.hardware.servicetracker@1.0-service(  935): total connections for client : com.google.android.gms.uiare :3
02-17 10:42:00.018 I//vendor/bin/hw/vendor.qti.hardware.servicetracker@1.0-service(  935): bindService is called for service : com.google.android.gms/org.chromium.content.app.SandboxedProcessService1:2 and for client com.google.android.gms.ui
02-17 10:42:00.018 I//vendor/bin/hw/vendor.qti.hardware.servicetracker@1.0-service(  935): total connections for service : com.google.android.gms/org.chromium.content.app.SandboxedProcessService1:2are :1
02-17 10:42:00.018 I//vendor/bin/hw/vendor.qti.hardware.servicetracker@1.0-service(  935): total connections for client : com.google.android.gms.uiare :4
02-17 10:42:00.021 I//vendor/bin/hw/vendor.qti.hardware.servicetracker@1.0-service(  935): bindService is called for service : com.google.android.gms/org.chromium.content.app.SandboxedProcessService1:2 and for client com.google.android.gms.ui
02-17 10:42:00.021 I//vendor/bin/hw/vendor.qti.hardware.servicetracker@1.0-service(  935): total connections for service : com.google.android.gms/org.chromium.content.app.SandboxedProcessService1:2are :1
02-17 10:42:00.021 I//vendor/bin/hw/vendor.qti.hardware.servicetracker@1.0-service(  935): total connections for client : com.google.android.gms.uiare :4
02-17 10:42:00.050 D/Zygote  (12065): Forked child process 13747
02-17 10:42:00.053 W/ocessService1:(13747): Using default instruction set features for ARM CPU variant (cortex-a9) using conservative defaults
02-17 10:42:00.058 I/ActivityManager( 1528): Start proc 13747:com.google.android.webview:sandboxed_process1:org.chromium.content.app.SandboxedProcessService1:2/u0i471 for  {com.google.android.gms/org.chromium.content.app.SandboxedProcessService1:2}
02-17 10:42:00.059 E/ocessService1:(13747): Not starting debugger since process cannot load the jdwp agent.
02-17 10:42:00.060 I/ClockCtrl( 2285):  schedule next: 59940
02-17 10:42:00.060 I/OpKeyguardUpdateMonitor( 2285): onTimeChanged
02-17 10:42:00.060 D/KeyguardUpdateMonitor( 2285): handleTimeUpdate
02-17 10:42:00.061 D/DateTimeView( 2285): updateClockPattern: 0
02-17 10:42:00.061 D/DateTimeView( 2285): update clockView12: Kmm clockView24:Hmm
02-17 10:42:00.061 D/DateTimeView( 2285): refreshTime
02-17 10:42:00.080 D/Zygote  (12065): Forked child process 13769
02-17 10:42:00.082 I/ActivityManager( 1528): Start proc 13769:com.google.android.webview:sandboxed_process1:org.chromium.content.app.SandboxedProcessService1:2/u0i472 for  {com.google.android.gms/org.chromium.content.app.SandboxedProcessService1:2}
02-17 10:42:00.084 V/QC_NV_ITEMS( 2679): getMEID()
02-17 10:42:00.085 D/QcrilMsgTunnelIfaceManager( 2479): handleMessage what = 1
02-17 10:42:00.087 W/ocessService1:(13769): Using default instruction set features for ARM CPU variant (cortex-a9) using conservative defaults
02-17 10:42:00.088 I/QcrilOemhookMsgTunnel( 2479): [0]invokeOemRilRequestRaw: serial=1595 length=17
02-17 10:42:00.090 E/ocessService1:(13769): Not starting debugger since process cannot load the jdwp agent.
02-17 10:42:00.091 I/ActivityManager( 1528): Killing 13747:com.google.android.webview:sandboxed_process1:org.chromium.content.app.SandboxedProcessService1:2/u0a211i471 (adj 905): isolated not needed
02-17 10:42:00.092 W/libprocessgroup( 1528): Failed to open process cgroup uid 99471 pid 13747: Permission denied
02-17 10:42:00.092 E/libprocessgroup( 1528): Error encountered killing process cgroup uid 99471 pid 13747: Permission denied
02-17 10:42:00.096 I/QcrilOemhookMsgTunnel( 2479): [0]processOemHookResponse serial no: 1595 error: 0length=15
02-17 10:42:00.096 D/QcrilMsgTunnelIfaceManager( 2479): handleMessage what = 2
02-17 10:42:00.096 V/QC_NV_ITEMS( 2679): Received: 393930303135313232343832393900
02-17 10:42:00.097 V/QC_NV_ITEMS( 2679): meid_number:99001512248299
02-17 10:42:00.097 D/PhoneInterfaceManager( 2679): [PhoneIntfMgr] getMeidForSlot meid = 99001512248299, length = 14
02-17 10:42:00.107 I//vendor/bin/hw/vendor.qti.hardware.servicetracker@1.0-service(  935): startService() is called for servicecom.google.android.gms/org.chromium.content.app.SandboxedProcessService1:2
02-17 10:42:00.109 E/OpQuickReplyApp(13769): isQuickReplyIMApp: window manager is null
02-17 10:42:00.109 E/OpQuickReplyApp(13769): isQuickReplyIMEApp: window manager is null
02-17 10:42:00.120 I/Zygote  (12065): Process 13747 exited due to signal 9 (Killed)
02-17 10:42:00.120 I//vendor/bin/hw/vendor.qti.hardware.servicetracker@1.0-service(  935): killProcess is called for pid : 13747
02-17 10:42:00.125 I/ocessService1:(13769): [GL_OOM] ClampGrowthLimit 268435456
02-17 10:42:00.125 I/ocessService1:(13769): [GL_OOM] read va_feature failed, ret:0
02-17 10:42:00.128 V/Font    (13769): Change font:1
02-17 10:42:00.128 V/Font    (13769): Default family:android.graphics.Typeface@d751e069
02-17 10:42:00.130 I/cr_ChildProcessService(13769): Creating new ChildProcessService pid=13769
02-17 10:42:00.141 I//vendor/bin/hw/vendor.qti.hardware.servicetracker@1.0-service(  935): bindService is called for service : com.google.android.gms/org.chromium.content.app.SandboxedProcessService1:2 and for client com.google.android.gms.ui
02-17 10:42:00.142 I//vendor/bin/hw/vendor.qti.hardware.servicetracker@1.0-service(  935): total connections for service : com.google.android.gms/org.chromium.